[INFO] Scanning for projects...
[INFO] 
[INFO] ----------------------< ru.zotov:zotov-navigator >----------------------
[INFO] Building zotov-navigator 0.1.0
[INFO]   from pom.xml
[INFO] --------------------------------[ jar ]---------------------------------
[INFO] 
[INFO] >>> spring-boot:3.4.1:run (default-cli) > test-compile @ zotov-navigator >>>
[INFO] 
[INFO] --- resources:3.3.1:resources (default-resources) @ zotov-navigator ---
[INFO] Copying 1 resource from src\main\resources to target\classes
[INFO] Copying 9 resources from src\main\resources to target\classes
[INFO] 
[INFO] --- compiler:3.13.0:compile (default-compile) @ zotov-navigator ---
[INFO] Nothing to compile - all classes are up to date.
[INFO] 
[INFO] --- resources:3.3.1:testResources (default-testResources) @ zotov-navigator ---
[INFO] skip non existing resourceDirectory D:\ZotovNavigator\src\test\resources
[INFO] 
[INFO] --- compiler:3.13.0:testCompile (default-testCompile) @ zotov-navigator ---
[INFO] Nothing to compile - all classes are up to date.
[INFO] 
[INFO] <<< spring-boot:3.4.1:run (default-cli) < test-compile @ zotov-navigator <<<
[INFO] 
[INFO] 
[INFO] --- spring-boot:3.4.1:run (default-cli) @ zotov-navigator ---
[INFO] Attaching agents: []

  .   ____          _            __ _ _
 /\\ / ___'_ __ _ _(_)_ __  __ _ \ \ \ \
( ( )\___ | '_ | '_| | '_ \/ _` | \ \ \ \
 \\/  ___)| |_)| | | | | || (_| |  ) ) ) )
  '  |____| .__|_| |_|_| |_\__, | / / / /
 =========|_|==============|___/=/_/_/_/

 :: Spring Boot ::                (v3.4.1)

2026-06-06T17:50:30.198+03:00  INFO 23904 --- [zotov-navigator] [           main] r.z.navigator.ZotovNavigatorApplication  : Starting ZotovNavigatorApplication using Java 17.0.17 with PID 23904 (D:\ZotovNavigator\target\classes started by Соня in D:\ZotovNavigator)
2026-06-06T17:50:30.201+03:00  INFO 23904 --- [zotov-navigator] [           main] r.z.navigator.ZotovNavigatorApplication  : No active profile set, falling back to 1 default profile: "default"
2026-06-06T17:50:31.580+03:00  INFO 23904 --- [zotov-navigator] [           main] .s.d.r.c.RepositoryConfigurationDelegate : Bootstrapping Spring Data JPA repositories in DEFAULT mode.
2026-06-06T17:50:31.704+03:00  INFO 23904 --- [zotov-navigator] [           main] .s.d.r.c.RepositoryConfigurationDelegate : Finished Spring Data repository scanning in 101 ms. Found 3 JPA repository interfaces.
2026-06-06T17:50:32.761+03:00  INFO 23904 --- [zotov-navigator] [           main] o.s.b.w.embedded.tomcat.TomcatWebServer  : Tomcat initialized with port 8080 (http)
2026-06-06T17:50:32.794+03:00  INFO 23904 --- [zotov-navigator] [           main] o.apache.catalina.core.StandardService   : Starting service [Tomcat]
2026-06-06T17:50:32.796+03:00  INFO 23904 --- [zotov-navigator] [           main] o.apache.catalina.core.StandardEngine    : Starting Servlet engine: [Apache Tomcat/10.1.34]
2026-06-06T17:50:32.927+03:00  INFO 23904 --- [zotov-navigator] [           main] o.a.c.c.C.[Tomcat].[localhost].[/]       : Initializing Spring embedded WebApplicationContext
2026-06-06T17:50:32.927+03:00  INFO 23904 --- [zotov-navigator] [           main] w.s.c.ServletWebServerApplicationContext : Root WebApplicationContext: initialization completed in 2644 ms
2026-06-06T17:50:33.155+03:00  INFO 23904 --- [zotov-navigator] [           main] o.hibernate.jpa.internal.util.LogHelper  : HHH000204: Processing PersistenceUnitInfo [name: default]
2026-06-06T17:50:33.238+03:00  INFO 23904 --- [zotov-navigator] [           main] org.hibernate.Version                    : HHH000412: Hibernate ORM core version 6.6.4.Final
2026-06-06T17:50:33.310+03:00  INFO 23904 --- [zotov-navigator] [           main] o.h.c.internal.RegionFactoryInitiator    : HHH000026: Second-level cache disabled
2026-06-06T17:50:33.825+03:00  INFO 23904 --- [zotov-navigator] [           main] o.s.o.j.p.SpringPersistenceUnitInfo      : No LoadTimeWeaver setup: ignoring JPA class transformer
2026-06-06T17:50:33.876+03:00  INFO 23904 --- [zotov-navigator] [           main] com.zaxxer.hikari.HikariDataSource       : HikariPool-1 - Starting...
2026-06-06T17:50:34.241+03:00  INFO 23904 --- [zotov-navigator] [           main] com.zaxxer.hikari.pool.HikariPool        : HikariPool-1 - Added connection conn0: url=jdbc:h2:mem:zotov user=SA
2026-06-06T17:50:34.262+03:00  INFO 23904 --- [zotov-navigator] [           main] com.zaxxer.hikari.HikariDataSource       : HikariPool-1 - Start completed.
2026-06-06T17:50:34.356+03:00  INFO 23904 --- [zotov-navigator] [           main] org.hibernate.orm.connections.pooling    : HHH10001005: Database info:
	Database JDBC URL [Connecting through datasource 'HikariDataSource (HikariPool-1)']
	Database driver: undefined/unknown
	Database version: 2.3.232
	Autocommit mode: undefined/unknown
	Isolation level: undefined/unknown
	Minimum pool size: undefined/unknown
	Maximum pool size: undefined/unknown
2026-06-06T17:50:36.401+03:00  INFO 23904 --- [zotov-navigator] [           main] o.h.e.t.j.p.i.JtaPlatformInitiator       : HHH000489: No JTA platform available (set 'hibernate.transaction.jta.platform' to enable JTA platform integration)
2026-06-06T17:50:36.510+03:00  INFO 23904 --- [zotov-navigator] [           main] j.LocalContainerEntityManagerFactoryBean : Initialized JPA EntityManagerFactory for persistence unit 'default'
2026-06-06T17:50:37.529+03:00  WARN 23904 --- [zotov-navigator] [           main] JpaBaseConfiguration$JpaWebConfiguration : spring.jpa.open-in-view is enabled by default. Therefore, database queries may be performed during view rendering. Explicitly configure spring.jpa.open-in-view to disable this warning
2026-06-06T17:50:37.600+03:00  INFO 23904 --- [zotov-navigator] [           main] o.s.b.a.w.s.WelcomePageHandlerMapping    : Adding welcome page: class path resource [static/index.html]
2026-06-06T17:50:38.347+03:00  INFO 23904 --- [zotov-navigator] [           main] o.s.b.a.h2.H2ConsoleAutoConfiguration    : H2 console available at '/h2-console'. Database available at 'jdbc:h2:mem:zotov'
2026-06-06T17:50:38.598+03:00  INFO 23904 --- [zotov-navigator] [           main] o.s.b.w.embedded.tomcat.TomcatWebServer  : Tomcat started on port 8080 (http) with context path '/'
2026-06-06T17:50:38.628+03:00  INFO 23904 --- [zotov-navigator] [           main] r.z.navigator.ZotovNavigatorApplication  : Started ZotovNavigatorApplication in 9.224 seconds (process running for 9.881)
2026-06-06T18:00:23.613+03:00  INFO 23904 --- [zotov-navigator] [nio-8080-exec-1] o.a.c.c.C.[Tomcat].[localhost].[/]       : Initializing Spring DispatcherServlet 'dispatcherServlet'
2026-06-06T18:00:23.613+03:00  INFO 23904 --- [zotov-navigator] [nio-8080-exec-1] o.s.web.servlet.DispatcherServlet        : Initializing Servlet 'dispatcherServlet'
2026-06-06T18:00:23.629+03:00  INFO 23904 --- [zotov-navigator] [nio-8080-exec-1] o.s.web.servlet.DispatcherServlet        : Completed initialization in 16 ms
[INFO] ------------------------------------------------------------------------
[INFO] BUILD FAILURE
[INFO] ------------------------------------------------------------------------
[INFO] Total time:  16:35 min
[INFO] Finished at: 2026-06-06T18:06:58+03:00
[INFO] ------------------------------------------------------------------------
[ERROR] Failed to execute goal org.springframework.boot:spring-boot-maven-plugin:3.4.1:run (default-cli) on project zotov-navigator: Process terminated with exit code: -1 -> [Help 1]
[ERROR] 
[ERROR] To see the full stack trace of the errors, re-run Maven with the -e switch.
[ERROR] Re-run Maven using the -X switch to enable full debug logging.
[ERROR] 
[ERROR] For more information about the errors and possible solutions, please read the following articles:
[ERROR] [Help 1] http://cwiki.apache.org/confluence/display/MAVEN/MojoExecutionException
